[    0.000000] Initializing cgroup subsys cpuset
[    0.000000] Initializing cgroup subsys cpu
[    0.000000] Initializing cgroup subsys cpuacct
[    0.000000] Linux version 4.4.0-122-generic (buildd@lcy01-amd64-005) (gcc version 5.4.0 20160609 (Ubuntu 5.4.0-6ubuntu1~16.04.9) ) #146-Ubuntu SMP Mon Apr 23 15:34:04 UTC 2018 (Ubuntu 4.4.0-122.146-generic 4.4.117)
[    0.000000] Command line: BOOT_IMAGE=/boot/vmlinuz-4.4.0-122-generic root=LABEL=cloudimg-rootfs ro console=tty1 console=ttyS0
[    0.000000] KERNEL supported cpus:
[    0.000000]   Intel GenuineIntel
[    0.000000]   AMD AuthenticAMD
[    0.000000]   Centaur CentaurHauls
[    0.000000] ------------[ cut here ]------------
[    0.000000] WARNING: CPU: 0 PID: 0 at /build/linux-fK4DoK/linux-4.4.0/arch/x86/kernel/fpu/xstate.c:517 fpu__init_system_xstate+0x38b/0x75a()
[    0.000000] XSAVE consistency problem, dumping leaves
[    0.000000] Modules linked in:
[    0.000000] CPU: 0 PID: 0 Comm: swapper Not tainted 4.4.0-122-generic #146-Ubuntu
[    0.000000]  0000000000000086 350bc12646130fa4 ffffffff81e03d80 ffffffff813ffc13
[    0.000000]  ffffffff81e03dc8 ffffffff81cac050 ffffffff81e03db8 ffffffff81083232
[    0.000000]  ffffffff81e03e48 ffffffff81e03e4c 0000000000000008 0000000000000100
[    0.000000] Call Trace:
[    0.000000]  [<ffffffff813ffc13>] dump_stack+0x63/0x90
[    0.000000]  [<ffffffff81083232>] warn_slowpath_common+0x82/0xc0
[    0.000000]  [<ffffffff810832cc>] warn_slowpath_fmt+0x5c/0x80
[    0.000000]  [<ffffffff8107eda8>] ? xfeature_size+0x59/0x77
[    0.000000]  [<ffffffff81f732e9>] fpu__init_system_xstate+0x38b/0x75a
[    0.000000]  [<ffffffff81f63120>] ? early_idt_handler_array+0x120/0x120
[    0.000000]  [<ffffffff81f72c54>] fpu__init_system+0x10b/0x243
[    0.000000]  [<ffffffff81f73e1f>] early_cpu_init+0x178/0x17d
[    0.000000]  [<ffffffff81f73e1f>] ? early_cpu_init+0x178/0x17d
[    0.000000]  [<ffffffff81f6f1ae>] setup_arch+0xb4/0xd2b
[    0.000000]  [<ffffffff81f63120>] ? early_idt_handler_array+0x120/0x120
[    0.000000]  [<ffffffff81f63c7b>] start_kernel+0xe2/0x4aa
[    0.000000]  [<ffffffff81f63120>] ? early_idt_handler_array+0x120/0x120
[    0.000000]  [<ffffffff81f63339>] x86_64_start_reservations+0x2a/0x2c
[    0.000000]  [<ffffffff81f63485>] x86_64_start_kernel+0x14a/0x16d
[    0.000000] ---[ end trace 4d5ff9f2f68c4233 ]---
[    0.000000] CPUID[0d, 00]: eax=00000007 ebx=00000440 ecx=00000440 edx=00000000
[    0.000000] CPUID[0d, 01]: eax=00000000 ebx=00000440 ecx=00000000 edx=00000000
[    0.000000] CPUID[0d, 02]: eax=00000100 ebx=00000240 ecx=00000000 edx=00000000
[    0.000000] CPUID[0d, 03]: eax=00000000 ebx=00000000 ecx=00000000 edx=00000000
[    0.000000] CPUID[0d, 04]: eax=00000000 ebx=00000000 ecx=00000000 edx=00000000
[    0.000000] CPUID[0d, 05]: eax=00000000 ebx=00000000 ecx=00000000 edx=00000000
[    0.000000] CPUID[0d, 06]: eax=00000000 ebx=00000000 ecx=00000000 edx=00000000
[    0.000000] CPUID[0d, 07]: eax=00000000 ebx=00000000 ecx=00000000 edx=00000000
[    0.000000] CPUID[0d, 08]: eax=00000000 ebx=00000000 ecx=00000000 edx=00000000
[    0.000000] CPUID[0d, 09]: eax=00000000 ebx=00000000 ecx=00000000 edx=00000000
[    0.000000] CPUID[0d, 0a]: eax=00000000 ebx=00000000 ecx=00000000 edx=00000000
[    0.000000] CPUID[0d, 0b]: eax=00000000 ebx=00000000 ecx=00000000 edx=00000000
[    0.000000] CPUID[0d, 0c]: eax=00000000 ebx=00000000 ecx=00000000 edx=00000000
[    0.000000] CPUID[0d, 0d]: eax=00000000 ebx=00000000 ecx=00000000 edx=00000000
[    0.000000] CPUID[0d, 0e]: eax=00000000 ebx=00000000 ecx=00000000 edx=00000000
[    0.000000] CPUID[0d, 0f]: eax=00000000 ebx=00000000 ecx=00000000 edx=00000000
[    0.000000] CPUID[0d, 10]: eax=00000000 ebx=00000000 ecx=00000000 edx=00000000
[    0.000000] CPUID[0d, 11]: eax=00000000 ebx=00000000 ecx=00000000 edx=00000000
[    0.000000] x86/fpu: xstate_offset[2]:  576, xstate_sizes[2]:  256
[    0.000000] x86/fpu: Supporting XSAVE feature 0x01: 'x87 floating point registers'
[    0.000000] x86/fpu: Supporting XSAVE feature 0x02: 'SSE registers'
[    0.000000] x86/fpu: Supporting XSAVE feature 0x04: 'AVX registers'
[    0.000000] x86/fpu: Enabled xstate features 0x7, context size is 1088 bytes, using 'standard' format.
[    0.000000] x86/fpu: Using 'lazy' FPU context switches.
[    0.000000] e820: BIOS-provided physical RAM map:
[    0.000000] BIOS-e820: [mem 0x0000000000000000-0x000000000009fbff] usable
[    0.000000] BIOS-e820: [mem 0x000000000009fc00-0x000000000009ffff] reserved
[    0.000000] BIOS-e820: [mem 0x00000000000f0000-0x00000000000fffff] reserved
[    0.000000] BIOS-e820: [mem 0x0000000000100000-0x000000003ffeffff] usable
[    0.000000] BIOS-e820: [mem 0x000000003fff0000-0x000000003fffffff] ACPI data
[    0.000000] BIOS-e820: [mem 0x00000000fec00000-0x00000000fec00fff] reserved
[    0.000000] BIOS-e820: [mem 0x00000000fee00000-0x00000000fee00fff] reserved
[    0.000000] BIOS-e820: [mem 0x00000000fffc0000-0x00000000ffffffff] reserved
[    0.000000] NX (Execute Disable) protection: active
[    0.000000] SMBIOS 2.5 present.
[    0.000000] Hypervisor detected: KVM
[    0.000000] e820: last_pfn = 0x3fff0 max_arch_pfn = 0x400000000
[    0.000000] MTRR: Disabled
[    0.000000] x86/PAT: MTRRs disabled, skipping PAT initialization too.
[    0.000000] CPU MTRRs all blank - virtualized system.
[    0.000000] x86/PAT: Configuration [0-7]: WB  WT  UC- UC  WB  WT  UC- UC  
[    0.000000] found SMP MP-table at [mem 0x0009fff0-0x0009ffff] mapped at [ffff88000009fff0]
[    0.000000] Scanning 1 areas for low memory corruption
[    0.000000] RAMDISK: [mem 0x36a98000-0x37543fff]
[    0.000000] ACPI: Early table checksum verification disabled
[    0.000000] ACPI: RSDP 0x00000000000E0000 000024 (v02 VBOX  )
[    0.000000] ACPI: XSDT 0x000000003FFF0030 00003C (v01 VBOX   VBOXXSDT 00000001 ASL  00000061)
[    0.000000] ACPI: FACP 0x000000003FFF00F0 0000F4 (v04 VBOX   VBOXFACP 00000001 ASL  00000061)
[    0.000000] ACPI: DSDT 0x000000003FFF0470 0021FF (v02 VBOX   VBOXBIOS 00000002 INTL 20100528)
[    0.000000] ACPI: FACS 0x000000003FFF0200 000040
[    0.000000] ACPI: FACS 0x000000003FFF0200 000040
[    0.000000] ACPI: APIC 0x000000003FFF0240 00005C (v02 VBOX   VBOXAPIC 00000001 ASL  00000061)
[    0.000000] ACPI: SSDT 0x000000003FFF02A0 0001CC (v01 VBOX   VBOXCPUT 00000002 INTL 20100528)
[    0.000000] No NUMA configuration found
[    0.000000] Faking a node at [mem 0x0000000000000000-0x000000003ffeffff]
[    0.000000] NODE_DATA(0) allocated [mem 0x3ffeb000-0x3ffeffff]
[    0.000000] kvm-clock: Using msrs 4b564d01 and 4b564d00
[    0.000000] kvm-clock: cpu 0, msr 0:3ffe3001, primary cpu clock
[    0.000000] kvm-clock: using sched offset of 3998931217 cycles
[    0.000000] clocksource: kvm-clock: mask: 0xffffffffffffffff max_cycles: 0x1cd42e4dffb, max_idle_ns: 881590591483 ns
[    0.000000] Zone ranges:
[    0.000000]   DMA      [mem 0x0000000000001000-0x0000000000ffffff]
[    0.000000]   DMA32    [mem 0x0000000001000000-0x000000003ffeffff]
[    0.000000]   Normal   empty
[    0.000000]   Device   empty
[    0.000000] Movable zone start for each node
[    0.000000] Early memory node ranges
[    0.000000]   node   0: [mem 0x0000000000001000-0x000000000009efff]
[    0.000000]   node   0: [mem 0x0000000000100000-0x000000003ffeffff]
[    0.000000] Initmem setup node 0 [mem 0x0000000000001000-0x000000003ffeffff]
[    0.000000] ACPI: PM-Timer IO Port: 0x4008
[    0.000000] IOAPIC[0]: apic_id 2, version 32, address 0xfec00000, GSI 0-23
[    0.000000] ACPI: INT_SRC_OVR (bus 0 bus_irq 0 global_irq 2 dfl dfl)
[    0.000000] ACPI: INT_SRC_OVR (bus 0 bus_irq 9 global_irq 9 high level)
[    0.000000] Using ACPI (MADT) for SMP configuration information
[    0.000000] smpboot: Allowing 2 CPUs, 0 hotplug CPUs
[    0.000000] PM: Registered nosave memory: [mem 0x00000000-0x00000fff]
[    0.000000] PM: Registered nosave memory: [mem 0x0009f000-0x0009ffff]
[    0.000000] PM: Registered nosave memory: [mem 0x000a0000-0x000effff]
[    0.000000] PM: Registered nosave memory: [mem 0x000f0000-0x000fffff]
[    0.000000] e820: [mem 0x40000000-0xfebfffff] available for PCI devices
[    0.000000] Booting paravirtualized kernel on KVM
[    0.000000] clocksource: refined-jiffies: mask: 0xffffffff max_cycles: 0xffffffff, max_idle_ns: 7645519600211568 ns
[    0.000000] setup_percpu: NR_CPUS:512 nr_cpumask_bits:512 nr_cpu_ids:2 nr_node_ids:1
[    0.000000] PERCPU: Embedded 34 pages/cpu @ffff88003fc00000 s99544 r8192 d31528 u1048576
[    0.000000] PV qspinlock hash table entries: 256 (order: 0, 4096 bytes)
[    0.000000] Built 1 zonelists in Node order, mobility grouping on.  Total pages: 257912
[    0.000000] Policy zone: DMA32
[    0.000000] Kernel command line: BOOT_IMAGE=/boot/vmlinuz-4.4.0-122-generic root=LABEL=cloudimg-rootfs ro console=tty1 console=ttyS0
[    0.000000] PID hash table entries: 4096 (order: 3, 32768 bytes)
[    0.000000] Memory: 1001596K/1048120K available (8532K kernel code, 1313K rwdata, 3996K rodata, 1508K init, 1316K bss, 46524K reserved, 0K cma-reserved)
[    0.000000] SLUB: HWalign=64, Order=0-3, MinObjects=0, CPUs=2, Nodes=1
[    0.000000] Kernel/User page tables isolation: enabled
[    0.000000] Hierarchical RCU implementation.
[    0.000000] 	Build-time adjustment of leaf fanout to 64.
[    0.000000] 	RCU restricting CPUs from NR_CPUS=512 to nr_cpu_ids=2.
[    0.000000] RCU: Adjusting geometry for rcu_fanout_leaf=64, nr_cpu_ids=2
[    0.000000] NR_IRQS:33024 nr_irqs:440 16
[    0.000000] Console: colour VGA+ 80x25
[    0.000000] console [tty1] enabled
[    0.000000] console [ttyS0] enabled
[    0.000000] tsc: Detected 2592.000 MHz processor
[   20.932518] Calibrating delay loop (skipped) preset value.. 5184.00 BogoMIPS (lpj=10368000)
[   21.088790] pid_max: default: 32768 minimum: 301
[   21.167903] ACPI: Core revision 20150930
[   21.272656] ACPI: 2 ACPI AML tables successfully acquired and loaded
[   21.411787] Security Framework initialized
[   21.485252] Yama: becoming mindful.
[   21.560109] AppArmor: AppArmor initialized
[   21.667988] Dentry cache hash table entries: 131072 (order: 8, 1048576 bytes)
[   21.846986] Inode-cache hash table entries: 65536 (order: 7, 524288 bytes)
[   22.018661] Mount-cache hash table entries: 2048 (order: 2, 16384 bytes)
[   22.130294] Mountpoint-cache hash table entries: 2048 (order: 2, 16384 bytes)
[   22.260220] Initializing cgroup subsys io
[   22.348529] Initializing cgroup subsys memory
[   22.420775] Initializing cgroup subsys devices
[   22.528419] Initializing cgroup subsys freezer
[   22.614345] Initializing cgroup subsys net_cls
[   22.730758] Initializing cgroup subsys perf_event
[   22.844579] Initializing cgroup subsys net_prio
[   22.960921] Initializing cgroup subsys hugetlb
[   23.062813] Initializing cgroup subsys pids
[   23.165261] CPU: Physical Processor ID: 0
[   23.224930] CPU: Processor Core ID: 0
[   23.280449] FEATURE SPEC_CTRL Not Present
[   23.367903] mce: CPU supports 0 MCE banks
[   23.468348] Last level iTLB entries: 4KB 64, 2MB 8, 4MB 8
[   23.608520] Last level dTLB entries: 4KB 64, 2MB 0, 4MB 0, 1GB 4
[   23.769785] Spectre V2 mitigation: Mitigation: Full generic retpoline
[   23.932886] Spectre V2 mitigation: Speculation control IBPB not-supported IBRS not-supported
[   24.083240] Spectre V2 mitigation: Filling RSB on context switch
[   24.236558] Freeing SMP alternatives memory: 32K
[   24.340198] ftrace: allocating 32202 entries in 126 pages
[   24.472888] smpboot: APIC(0) Converting physical 0 to logical package 0
[   24.636492] smpboot: Max logical packages: 1
[   24.740633] x2apic enabled
[   24.804764] Switched APIC routing to physical x2apic.
[   24.916569] ..TIMER: vector=0x30 apic1=0 pin1=2 apic2=-1 pin2=-1
[   25.155897] smpboot: CPU0: Intel(R) Core(TM) i7-6700HQ CPU @ 2.60GHz (family: 0x6, model: 0x5e, stepping: 0x3)
[   25.369135] Performance Events: unsupported p6 CPU model 94 no PMU driver, software events only.
[   25.544856] KVM setup paravirtual spinlock
[   25.646236] x86: Booting SMP configuration:
[   25.715876] .... node  #0, CPUs:      #1
[   25.808838] kvm-clock: cpu 1, msr 0:3ffe3041, secondary cpu clock
[   25.898443] mce: CPU supports 0 MCE banks
[   25.966081] x86: Booted up 1 node, 2 CPUs
[   26.019570] smpboot: Total of 2 processors activated (10368.00 BogoMIPS)
[   26.182068] devtmpfs: initialized
[   26.243118] evm: security.selinux
[   26.312305] evm: security.SMACK64
[   26.351868] evm: security.SMACK64EXEC
[   26.427294] evm: security.SMACK64TRANSMUTE
[   26.479686] evm: security.SMACK64MMAP
[   26.514702] evm: security.ima
[   26.576767] evm: security.capability
[   26.641844] clocksource: jiffies: mask: 0xffffffff max_cycles: 0xffffffff, max_idle_ns: 7645041785100000 ns
[   26.737232] futex hash table entries: 512 (order: 3, 32768 bytes)
[   26.787904] pinctrl core: initialized pinctrl subsystem
[   26.850296] RTC time:  4:16:08, date: 05/19/18
[   26.934762] NET: Registered protocol family 16
[   27.034149] cpuidle: using governor ladder
[   27.137400] cpuidle: using governor menu
[   27.218235] PCCT header not found.
[   27.280070] ACPI: bus type PCI registered
[   27.357295] acpiphp: ACPI Hot Plug PCI Controller Driver version: 0.5
[   27.483838] PCI: Using configuration type 1 for base access
[   27.570687] ACPI: Added _OSI(Module Device)
[   27.599894] ACPI: Added _OSI(Processor Device)
[   27.709076] ACPI: Added _OSI(3.0 _SCP Extensions)
[   27.810907] ACPI: Added _OSI(Processor Aggregator Device)
[   27.918949] ACPI: Executed 1 blocks of module-level executable AML code
[   28.071746] ACPI: Interpreter enabled
[   28.156042] ACPI: (supports S0 S5)
[   28.225416] ACPI: Using IOAPIC for interrupt routing
[   28.305669] PCI: Using host bridge windows from ACPI; if necessary, use "pci=nocrs" and report a bug
[   28.475535] ACPI: PCI Root Bridge [PCI0] (domain 0000 [bus 00-ff])
[   28.596564] acpi PNP0A03:00: _OSC: OS supports [ASPM ClockPM Segments MSI]
[   28.640301] acpi PNP0A03:00: _OSC: not requesting OS control; OS requires [ExtendedConfig ASPM ClockPM MSI]
[   28.814626] acpi PNP0A03:00: fail to add MMCONFIG information, can't access extended PCI configuration space under this bridge.
[   29.037110] PCI host bridge to bus 0000:00
[   29.120366] pci_bus 0000:00: root bus resource [io  0x0000-0x0cf7 window]
[   29.258528] pci_bus 0000:00: root bus resource [io  0x0d00-0xffff window]
[   29.390834] pci_bus 0000:00: root bus resource [mem 0x000a0000-0x000bffff window]
[   29.563728] pci_bus 0000:00: root bus resource [mem 0x40000000-0xffdfffff window]
[   29.681569] pci_bus 0000:00: root bus resource [bus 00-ff]
[   29.710171] pci 0000:00:01.1: legacy IDE quirk: reg 0x10: [io  0x01f0-0x01f7]
[   29.844515] pci 0000:00:01.1: legacy IDE quirk: reg 0x14: [io  0x03f6]
[   30.003194] pci 0000:00:01.1: legacy IDE quirk: reg 0x18: [io  0x0170-0x0177]
[   30.159406] pci 0000:00:01.1: legacy IDE quirk: reg 0x1c: [io  0x0376]
[   30.293806] pci 0000:00:07.0: quirk: [io  0x4000-0x403f] claimed by PIIX4 ACPI
[   30.449231] pci 0000:00:07.0: quirk: [io  0x4100-0x410f] claimed by PIIX4 SMB
[   30.609340] ACPI: PCI Interrupt Link [LNKA] (IRQs 5 9 10 *11)
[   30.658615] ACPI: PCI Interrupt Link [LNKB] (IRQs 5 9 10 *11)
[   30.752931] ACPI: PCI Interrupt Link [LNKC] (IRQs 5 9 *10 11)
[   30.787856] ACPI: PCI Interrupt Link [LNKD] (IRQs 5 *9 10 11)
[   30.870971] ACPI: Enabled 2 GPEs in block 00 to 07
[   30.968911] vgaarb: setting as boot device: PCI:0000:00:02.0
[   31.072502] vgaarb: device added: PCI:0000:00:02.0,decodes=io+mem,owns=io+mem,locks=none
[   31.203057] vgaarb: loaded
[   31.260457] vgaarb: bridge control possible 0000:00:02.0
[   31.377089] SCSI subsystem initialized
[   31.437116] ACPI: bus type USB registered
[   31.514335] usbcore: registered new interface driver usbfs
[   31.624180] usbcore: registered new interface driver hub
[   31.728047] usbcore: registered new device driver usb
[   31.820071] PCI: Using ACPI for IRQ routing
[   31.842326] NetLabel: Initializing
[   31.850809] NetLabel:  domain hash size = 128
[   31.865063] NetLabel:  protocols = UNLABELED CIPSOv4
[   31.934634] NetLabel:  unlabeled traffic allowed by default
[   32.074569] amd_nb: Cannot enumerate AMD northbridges
[   32.170396] clocksource: Switched to clocksource kvm-clock
[   32.315375] AppArmor: AppArmor Filesystem Enabled
[   32.422426] pnp: PnP ACPI init
[   32.475217] pnp: PnP ACPI: found 3 devices
[   32.577716] clocksource: acpi_pm: mask: 0xffffff max_cycles: 0xffffff, max_idle_ns: 2085701024 ns
[   32.767864] NET: Registered protocol family 2
[   32.862892] TCP established hash table entries: 8192 (order: 4, 65536 bytes)
[   32.918609] TCP bind hash table entries: 8192 (order: 5, 131072 bytes)
[   32.940822] TCP: Hash tables configured (established 8192 bind 8192)
[   33.045560] UDP hash table entries: 512 (order: 2, 16384 bytes)
[   33.166410] UDP-Lite hash table entries: 512 (order: 2, 16384 bytes)
[   33.286116] NET: Registered protocol family 1
[   33.356730] pci 0000:00:00.0: Limiting direct PCI/PCI transfers
[   33.416358] pci 0000:00:01.0: Activating ISA DMA hang workarounds
[   33.537174] Unpacking initramfs...
[   35.560500] Freeing initrd memory: 10928K
[   35.650154] platform rtc_cmos: registered platform RTC device (no PNP device found)
[   35.796452] Scanning for low memory corruption every 60 seconds
[   35.926944] audit: initializing netlink subsys (disabled)
[   36.002830] audit: type=2000 audit(1526703352.241:1): initialized
[   36.140712] Initialise system trusted keyring
[   36.162252] HugeTLB registered 2 MB page size, pre-allocated 0 pages
[   36.222726] zbud: loaded
[   36.270645] VFS: Disk quotas dquot_6.6.0
[   36.356343] VFS: Dquot-cache hash table entries: 512 (order 0, 4096 bytes)
[   36.518865] squashfs: version 4.0 (2009/01/31) Phillip Lougher
[   36.640382] fuse init (API version 7.23)
[   36.747793] tsc: Refined TSC clocksource calibration: 2593.508 MHz
[   36.905476] clocksource: tsc: mask: 0xffffffffffffffff max_cycles: 0x25624729ad6, max_idle_ns: 440795213162 ns
ÿ[   36.905716] Key type big_key registered
[   36.905736] Allocating IMA MOK and blacklist keyrings.
[   36.905966] Key type asymmetric registered
[   36.905968] Asymmetric key parser 'x509' registered
[   36.906003] Block layer SCSI generic (bsg) driver version 0.4 loaded (major 249)
[   36.906031] io scheduler noop registered
[   36.906033] io scheduler deadline registered (default)
[   36.906059] io scheduler cfq registered
[   36.906148] pci_hotplug: PCI Hot Plug PCI Core version: 0.5
[   36.906152] pciehp: PCI Express Hot Plug Controller Driver version: 0.4
[   36.906270] ACPI: AC Adapter [AC] (on-line)
[   36.906316] input: Power Button as /devices/LNXSYSTM:00/LNXPWRBN:00/input/input0
[   36.906318] ACPI: Power Button [PWRF]
[   36.906384] input: Sleep Button as /devices/LNXSYSTM:00/LNXSLPBN:00/input/input1
[   36.906386] ACPI: Sleep Button [SLPF]
[   36.906523] GHES: HEST is not enabled!
[   36.907153] ACPI: Battery Slot [BAT0] (battery present)
[   36.907187] Serial: 8250/16550 driver, 32 ports, IRQ sharing enabled
[   37.200239] 00:02: ttyS0 at I/O 0x3f8 (irq = 4, base_baud = 115200) is a 16550A
[   37.241081] Linux agpgart interface v0.103
[   37.259724] loop: module loaded
[   37.260338] scsi host0: ata_piix
[   37.260402] scsi host1: ata_piix
[   37.260429] ata1: PATA max UDMA/33 cmd 0x1f0 ctl 0x3f6 bmdma 0xd000 irq 14
[   37.260430] ata2: PATA max UDMA/33 cmd 0x170 ctl 0x376 bmdma 0xd008 irq 15
[   37.260514] libphy: Fixed MDIO Bus: probed
[   37.260516] tun: Universal TUN/TAP device driver, 1.6
[   37.260517] tun: (C) 1999-2004 Max Krasnyansky <maxk@qualcomm.com>
[   37.260934] PPP generic driver version 2.4.2
[   37.260993] ehci_hcd: USB 2.0 'Enhanced' Host Controller (EHCI) Driver
[   37.260997] ehci-pci: EHCI PCI platform driver
[   37.261013] ehci-platform: EHCI generic platform driver
[   37.261021] ohci_hcd: USB 1.1 'Open' Host Controller (OHCI) Driver
[   37.261024] ohci-pci: OHCI PCI platform driver
[   37.261032] ohci-platform: OHCI generic platform driver
[   37.261039] uhci_hcd: USB Universal Host Controller Interface driver
[   37.261090] i8042: PNP: PS/2 Controller [PNP0303:PS2K,PNP0f03:PS2M] at 0x60,0x64 irq 1,12
[   37.261606] serio: i8042 KBD port at 0x60,0x64 irq 1
[   37.261610] serio: i8042 AUX port at 0x60,0x64 irq 12
[   37.261698] mousedev: PS/2 mouse device common for all mice
[   37.262063] input: AT Translated Set 2 keyboard as /devices/platform/i8042/serio0/input/input2
[   37.262381] rtc_cmos rtc_cmos: rtc core: registered rtc_cmos as rtc0
[   37.262480] rtc_cmos rtc_cmos: alarms up to one day, 114 bytes nvram
[   37.262487] i2c /dev entries driver
[   37.262563] device-mapper: uevent: version 1.0.3
[   37.262632] device-mapper: ioctl: 4.34.0-ioctl (2015-10-28) initialised: dm-devel@redhat.com
[   37.262647] ledtrig-cpu: registered to indicate activity on CPUs
[   37.263196] NET: Registered protocol family 10
[   37.263375] NET: Registered protocol family 17
[   37.263383] Key type dns_resolver registered
[   37.263610] registered taskstats version 1
[   37.263625] Loading compiled-in X.509 certificates
[   37.264357] Loaded X.509 cert 'Build time autogenerated kernel key: eb3f78ccfd14bc84ef58e051a28e8b7731c2f6e2'
[   37.264377] zswap: loaded using pool lzo/zbud
[   37.266255] Key type trusted registered
[   37.269091] Key type encrypted registered
[   37.269096] AppArmor: AppArmor sha1 policy hashing enabled
[   37.269098] ima: No TPM chip found, activating TPM-bypass!
[   37.269116] evm: HMAC attrs: 0x1
[   37.269413]   Magic number: 2:562:262
[   37.398321] rtc_cmos rtc_cmos: setting system clock to 2018-05-19 04:16:19 UTC (1526703379)
[   37.398439] BIOS EDD facility v0.16 2004-Jun-25, 0 devices found
[   37.398439] EDD information not available.
[   42.706450] Freeing unused kernel memory: 1508K
[   42.831584] Write protecting the kernel read-only data: 14336k
[   43.006047] Freeing unused kernel memory: 1696K
[   43.107123] Freeing unused kernel memory: 100K
Loading, please [   43.219022] random: systemd-udevd: uninitialized urandom read (16 bytes read, 7 bits of entropy available)
wait...
startin[   43.219732] random: udevadm: uninitialized urandom read (16 bytes read, 7 bits of entropy available)
g version 229
[   43.219753] random: udevadm: uninitialized urandom read (16 bytes read, 7 bits of entropy available)
[   43.233768] random: udevadm: uninitialized urandom read (16 bytes read, 7 bits of entropy available)
[   43.233820] random: udevadm: uninitialized urandom read (16 bytes read, 7 bits of entropy available)
[   43.234080] random: udevadm: uninitialized urandom read (16 bytes read, 7 bits of entropy available)
[   43.234244] random: udevadm: uninitialized urandom read (16 bytes read, 7 bits of entropy available)
[   43.234329] random: udevadm: uninitialized urandom read (16 bytes read, 7 bits of entropy available)
[   43.234412] random: udevadm: uninitialized urandom read (16 bytes read, 7 bits of entropy available)
[   43.234474] random: udevadm: uninitialized urandom read (16 bytes read, 7 bits of entropy available)
[   44.876872] Fusion MPT base driver 3.04.20
[   44.979502] Copyright (c) 1999-2008 LSI Corporation
[   45.065668] Fusion MPT SPI Host driver 3.04.20
[   45.197362] mptbase: ioc0: Initiating bringup
[   45.198452] e1000: Intel(R) PRO/1000 Network Driver - version 7.3.21-k8-NAPI
[   45.198453] e1000: Copyright (c) 1999-2006 Intel Corporation.
[   45.357518] AVX version of gcm_enc/dec engaged.
[   45.460292] AES CTR mode by8 optimization enabled
[   45.510705] ioc0: LSI53C1030 A0: Capabilities={Initiator}
[   45.670644] input: ImExPS/2 Generic Explorer Mouse as /devices/platform/i8042/serio1/input/input4
[   45.850964] scsi host2: ioc0: LSI53C1030 A0, FwRev=00000000h, Ports=1, MaxQ=256, IRQ=20
[   46.011287] scsi 2:0:0:0: Direct-Access     VBOX     HARDDISK         1.0  PQ: 0 ANSI: 5
[   46.212308] scsi target2:0:0: Beginning Domain Validation
[   46.312378] scsi target2:0:0: Domain Validation skipping write tests
[   46.383737] e1000 0000:00:03.0 eth0: (PCI:33MHz:32-bit) 02:24:97:69:54:5f
[   46.383741] e1000 0000:00:03.0 eth0: Intel(R) PRO/1000 Network Connection
[   46.752060] e1000 0000:00:08.0 eth1: (PCI:33MHz:32-bit) 08:00:27:3f:87:01
[   46.752063] e1000 0000:00:08.0 eth1: Intel(R) PRO/1000 Network Connection
[   46.794793] e1000 0000:00:03.0 enp0s3: renamed from eth0
[   47.037291] scsi target2:0:0: Ending Domain Validation
[   47.047725] scsi target2:0:0: asynchronous
[   47.144332] scsi 2:0:1:0: Direct-Access     VBOX     HARDDISK         1.0  PQ: 0 ANSI: 5
[   47.162884] scsi target2:0:1: Beginning Domain Validation
[   47.167845] e1000 0000:00:08.0 enp0s8: renamed from eth1
[   47.180400] scsi target2:0:1: Domain Validation skipping write tests
[   47.182959] scsi target2:0:1: Ending Domain Validation
[   47.193456] scsi target2:0:1: asynchronous
[   47.291841] sd 2:0:0:0: Attached scsi generic sg0 type 0
[   47.381594] sd 2:0:0:0: [sda] 20971520 512-byte logical blocks: (10.7 GB/10.0 GiB)
[   47.586188] sd 2:0:1:0: [sdb] 20480 512-byte logical blocks: (10.5 MB/10.0 MiB)
[   47.586382] sd 2:0:1:0: Attached scsi generic sg1 type 0
[   47.825969] sd 2:0:0:0: [sda] Write Protect is off
[   47.826164] sd 2:0:1:0: [sdb] Write Protect is off
[   47.826413] sd 2:0:1:0: [sdb] Incomplete mode parameter data
[   47.826415] sd 2:0:1:0: [sdb] Assuming drive cache: write through
[   47.962808] sd 2:0:1:0: [sdb] Attached SCSI disk
[   48.079233] sd 2:0:0:0: [sda] Incomplete mode parameter data
[   48.208596] sd 2:0:0:0: [sda] Assuming drive cache: write through
[   48.368815]  sda: sda1
[   48.440652] sd 2:0:0:0: [sda] Attached SCSI disk
Begin: Loading e[   49.905670] md: linear personality registered for level -1
ssential drivers[   50.035908] md: multipath personality registered for level -4
 ... [   50.181203] md: raid0 personality registered for level 0
[   50.290872] md: raid1 personality registered for level 1
[   50.430560] raid6: sse2x1   gen()  8107 MB/s
[   50.574820] raid6: sse2x1   xor()  5197 MB/s
[   50.746752] raid6: sse2x2   gen()  9861 MB/s
[   50.930690] raid6: sse2x2   xor()  6696 MB/s
[   51.098723] raid6: sse2x4   gen() 10936 MB/s
[   51.274673] raid6: sse2x4   xor()  7396 MB/s
[   51.355004] raid6: using algorithm sse2x4 gen() 10936 MB/s
[   51.408693] raid6: .... xor() 7396 MB/s, rmw enabled
[   51.464139] raid6: using ssse3x2 recovery algorithm
[   51.559428] xor: automatically using best checksumming function:
[   51.726884]    avx       : 16853.000 MB/sec
[   51.850745] async_tx: api initialized (async)
[   51.977329] md: raid6 personality registered for level 6
[   52.109005] md: raid5 personality registered for level 5
[   52.235245] md: raid4 personality registered for level 4
[   52.357232] md: raid10 personality registered for level 10
done.
Begin: Running /scripts/init-premount ... done.
Begin: Mounting root file syste[   52.482099] Btrfs loaded
m ... Begin: Running /scripts/local-top ... done.
Begin: Running /scripts/local-premount ... Scanning for Btrfs filesystems
done.
Warning: fsck not present, [   52.550199] EXT4-fs (sda1): mounted filesystem with ordered data mode. Opts: (null)
so skipping root file system
done.
Begin: Running /scripts/local-bottom ... done.
Begin: Running /scripts/init-bottom ... done.
[   53.152754] random: nonblocking pool is initialized
[   53.304290] systemd[1]: systemd 229 running in system mode. (+PAM +AUDIT +SELINUX +IMA +APPARMOR +SMACK +SYSVINIT +UTMP +LIBCRYPTSETUP +GCRYPT +GNUTLS +ACL +XZ -LZ4 +SECCOMP +BLKID +ELFUTILS +KMOD -IDN)
[   53.583065] systemd[1]: Detected virtualization oracle.
[   53.649884] systemd[1]: Detected architecture x86-64.

Welcome to [1mUbuntu 16.04.4 LTS[0m!

[   53.848449] systemd[1]: Set hostname to <ubuntu>.
[   53.927473] systemd[1]: Initializing machine ID from random generator.
[   54.059743] systemd[1]: Installed transient /etc/machine-id file.
[   54.872084] systemd[1]: Started Forward Password Requests to Wall Directory Watch.
[[0;32m  OK  [0m] Started Forward Password Requests to Wall Directory Watch.
[   55.119030] systemd[1]: Listening on LVM2 metadata daemon socket.
[[0;32m  OK  [0m] Listening on LVM2 metadata daemon socket.
[   55.339565] systemd[1]: Set up automount Arbitrary Executable File Formats File System Automount Point.
[[0;32m  OK  [0m] Set up automount Arbitrary Executab...ats File System Automount Point.
[   55.711092] systemd[1]: Listening on /dev/initctl Compatibility Named Pipe.
[[0;32m  OK  [0m] Listening on /dev/initctl Compatibility Named Pipe.
[   55.955561] systemd[1]: Listening on udev Control Socket.
[[0;32m  OK  [0m] Listening on udev Control Socket.
[   56.159259] systemd[1]: Listening on Device-mapper event daemon FIFOs.
[[0;32m  OK  [0m] Listening on Device-mapper event daemon FIFOs.
[   56.419146] systemd[1]: Listening on Syslog Socket.
[[0;32m  OK  [0m] Listening on Syslog Socket.
[   56.603185] systemd[1]: Reached target Swap.
[[0;32m  OK  [0m] Reached target Swap.
[   56.783317] systemd[1]: Listening on Journal Socket.
[[0;32m  OK  [0m] Listening on Journal Socket.
[   56.930636] systemd[1]: Reached target User and Group Name Lookups.
[[0;32m  OK  [0m] Reached target User and Group Name Lookups.
[   57.123389] systemd[1]: Listening on Journal Audit Socket.
[[0;32m  OK  [0m] Listening on Journal Audit Socket.
[   57.319014] systemd[1]: Listening on udev Kernel Socket.
[[0;32m  OK  [0m] Listening on udev Kernel Socket.
[   57.534667] systemd[1]: Reached target System Time Synchronized.
[[0;32m  OK  [0m] Reached target System Time Synchronized.
[   57.763613] systemd[1]: Created slice System Slice.
[[0;32m  OK  [0m] Created slice System Slice.
[   58.023245] systemd[1]: Starting Load Kernel Modules...
         Starting Load Kernel Modules...
[   58.184019] systemd[1]: Created slice system-serial\x2dgetty.slice.
[[0;32m  OK  [0[   58.368027] Loading iSCSI transport class v2.0-870.
m] Created slice system-serial\x2dgetty.slice.
[   58.554000] iscsi: registered transport (tcp)
[   58.634629] systemd[1]: Mounting POSIX Message Queue File System...
         Mounting POSIX Message Queue File System...
[   58.821380] iscsi: registered transport (iser)
[   58.942904] systemd[1]: Starting Create list of required static device nodes for the current kernel...
         Starting Create list of required st... nodes for the current kernel...
[   59.106944] systemd[1]: Mounting Huge Pages File System...
         Mounting Huge Pages File System...
[   59.330757] systemd[1]: Starting Remount Root and Kernel File Systems...
[   59.334426] EXT4-fs (sda1): re-mounted. Opts: (null)
         Starting Remount Root and Kernel File Systems...
[   59.693874] systemd[1]: Starting Nameserver information manager...
         Starting Nameserver information manager...
[   59.918645] systemd[1]: Listening on LVM2 poll daemon socket.
[[0;32m  OK  [0m] Listening on LVM2 poll daemon socket.
[   60.091780] systemd[1]: Created slice User and Session Slice.
[[0;32m  OK  [0m] Created slice User and Session Slice.
[   60.323308] systemd[1]: Reached target Slices.
[[0;32m  OK  [0m] Reached target Slices.
[   60.510935] systemd[1]: Mounting Debug File System...
         Mounting Debug File System...
[   60.670721] systemd[1]: Listening on Journal Socket (/dev/log).
[[0;32m  OK  [0m] Listening on Journal Socket (/dev/log).
[   60.914796] systemd[1]: Starting Journal Service...
         Starting Journal Service...
[   61.099010] systemd[1]: Starting Uncomplicated firewall...
         Starting Uncomplicated firewall...
[   61.147135] systemd[1]: Reached target Encrypted Volumes.
[[0;32m  OK  [0m] Reached target Encrypted Volumes.
[   61.179610] systemd[1]: Started Trigger resolvconf update for networkd DNS.
[[0;32m  OK  [0m] Started Trigger resolvconf update for networkd DNS.
[   61.410716] systemd[1]: Starting Set console keymap...
         Starting Set console keymap...
[   61.590692] systemd[1]: Starting Monitoring of LVM2 mirrors, snapshots etc. using dmeventd or progress polling...
         Starting Monitoring of LVM2 mirrors... dmeventd or progress polling...
[   61.875946] systemd[1]: Mounted POSIX Message Queue File System.
[[0;32m  OK  [0m] Mounted POSIX Message Queue File System.
[   62.046876] systemd[1]: Mounted Huge Pages File System.
[[0;32m  OK  [0m] Mounted Huge Pages File System.
[   62.174790] systemd[1]: Mounted Debug File System.
[[0;32m  OK  [0m] Mounted Debug File System.
[   62.251481] systemd[1]: Started Journal Service.
[[0;32m  OK  [0m] Started Journal Service.
[[0;32m  OK  [0m] Started Load Kernel Modules.
[[0;32m  OK  [0m] Started Create list of required sta...ce nodes for the current kernel.
[[0;32m  OK  [0m] Started Remount Root and Kernel File Systems.
[[0;32m  OK  [0m] Started Uncomplicated firewall.
[[0;32m  OK  [0m] Started Set console keymap.
[[0;32m  OK  [0m] Started Nameserver information manager.
[[0;32m  OK  [0m] Started LVM2 metadata daemon.
         Starting Initial cloud-init job (pre-networking)...
         Starting Load/Save Random Seed...
         Starting udev Coldplug all Devices...
         Starting Create Static Device Nodes in /dev...
         Mounting FUSE Control File System...
         Starting Apply Kernel Variables...
         Starting Flush Journal to Persistent Storage...
[[0;32m  OK  [0m] Mounted FUSE Control File System.
[[0;32m  OK  [0m] Started Load/Save Random Seed.
[[0;32m  OK  [0m] Started Monitoring of LVM2 mirrors,...ng dmeventd or progress polling.
[[0;32m  OK  [0m] Started Create Static Device Nodes in /dev.
[[0;32m  OK  [0m] Started Apply Kernel Variables.
[[0;32m  OK  [0m] Started udev Coldplug all Devices.
[[0;32m  OK  [0m] Started Flush Journal to Persistent Storage.
         Starting udev Kernel Device Manager...
[[0;32m  OK  [0m] Started udev Kernel Device Manager.
[[0;32m  OK  [0m] Reached target Local File Systems (Pre).
[[0;32m  OK  [0m] Reached target Local File Systems.
         Starting LSB: AppArmor initialization...
         Starting Commit a transient machine-id on disk...
         Starting Tell Plymouth To Write Out Runtime Data...
         Starting Create Volatile Files and Directories...
         Starting Set console font and keymap...
[[0;32m  OK  [0m] Started Dispatch Password Requests to Console Directory Watch.
[[0;32m  OK  [0m] Started Commit a transient machine-id on disk.
[[0;32m  OK  [0m] Started Tell Plymouth To Write Out Runtime Data.
[[0;32m  OK  [0m] Started Create Volatile Files and Directories.
[[0;32m  OK  [0m] Found device /dev/ttyS0.
         Starting Update UTMP about System Boot/Shutdown...
[[0;32m  OK  [0m] Started Update UTMP about System Boot/Shutdown.
[[0;32m  OK  [0m] Listening on Load/Save RF Kill Switch Status /dev/rfkill Watch.
[[0;32m  OK  [0m] Started Set console font and keymap.
[[0;32m  OK  [0m] Created slice system-getty.slice.
[[0;32m  OK  [0m] Started LSB: AppArmor initialization.
[   37.602399] cloud-init[436]: Cloud-init v. 18.2 running 'init-local' at Sat, 19 May 2018 04:16:50 +0000. Up 37.05 seconds.
[[0;32m  OK  [0m] Started Initial cloud-init job (pre-networking).
[[0;32m  OK  [0m] Reached target Network (Pre).
         Starting Raise network interfaces...
[[0;32m  OK  [0m] Started Raise network interfaces.
         Starting Initial cloud-init job (metadata service crawler)...
[[0;32m  OK  [0m] Reached target Network.
[   40.406711] cloud-init[934]: Cloud-init v. 18.2 running 'init' at Sat, 19 May 2018 04:16:51 +0000. Up 38.60 seconds.
[   40.536630] cloud-init[934]: ci-info: ++++++++++++++++++++++++++++++++++++++Net device info++++++++++++++++++++++++++++++++++++++
[[   40.536946] [0;32m  OK  [0mcloud-init] [934]: Started Initial cloud-init job (metadata service crawler).ci-info: +--------+-------+----------------------------+---------------+-------+-------------------+

[   40.537095] cloud-init[934]: ci-info: | Device |   Up  |          Address           |      Mask     | Scope |     Hw-Address    |
[   40.973150] cloud-init[934]: ci-info: +--------+-------+----------------------------+---------------+-------+-------------------+
[   40.974430] cloud-init[934]: ci-info: | enp0s3 |  True |         10.0.2.15          | 255.255.255.0 |   .   | 02:24:97:69:54:5f |
[[0;32m  OK  [0m] Reached target Network is Online.
[   40.975123] cloud-init[934]: ci-info: | enp0s3 |  True | fe80::24:97ff:fe69:545f/64 |       .       |  link | 02:24:97:69:54:5f |
[   41.170401] cloud-init[934]: ci-info: | enp0s8 | False |             .              |       .       |   .   | 08:00:27:3f:87:01 |
[   41.170757] cloud-init[934]: ci-info: |   lo   |  True |         127.0.0.1          |   255.0.0.0   |   .   |         .         |
         Starting iSCSI initiator daemon (iscsid)...
[[   41.170917] cloud-init[934]: ci-info: |   lo   |  True |          ::1/128           |       .       |  host |         .         |
[   41.245070] cloud-init[934]: ci-info: +--------+-------+----------------------------+---------------+-------+-------------------+
[0;32m  OK  [0m] Reached target System Initialization.
[   41.245202] cloud-init[934]: ci-info: +++++++++++++++++++++++++++Route IPv4 info++++++++++++++++++++++++++++
[   41.381603] cloud-init[934]: ci-info: +-------+-------------+----------+---------------+-----------+-------+
[   41.381941] cloud-init[934]: ci-info: | Route | Destination | Gateway  |    Genmask    | Interface | Flags |
         Starting Socket activation for snappy daemon.
[[   41.382134] cloud-init[934]: ci-info: +-------+-------------+----------+---------------+-----------+-------+
[   41.516941] cloud-init[934]: ci-info: |   0   |   0.0.0.0   | 10.0.2.2 |    0.0.0.0    |   enp0s3  |   UG  |
[0;32m  OK  [0m] Listening on ACPID Listen Socket.
[   41.517075] cloud-init[934]: ci-info: |   1   |   10.0.2.0  | 0.0.0.0  | 255.255.255.0 |   enp0s3  |   U   |
[   41.649180] cloud-init[934]: ci-info: +-------+-------------+----------+---------------+-----------+-------+
[[0;32m  OK  [0m] Listening on UUID daemon activation socket.
[   41.649401] cloud-init[934]: Generating public/private rsa key pair.
[   41.796164] cloud-init[934]: Your identification has been saved in /etc/ssh/ssh_host_rsa_key.
[   41.827180] cloud-init[934]: Your public key has been saved in /etc/ssh/ssh_host_rsa_key.pub.
[   41.827444] cloud-init[934]: The key fingerprint is:
[   41.827616] cloud-init[934]: SHA256:ykQY9WVX1R7nOed7rURxGDy/+eaNSkarNcnNmukPeII root@ubuntu-xenial
         Starting LXD - unix socket.
[[   41.827815] cloud-init[934]: The key's randomart image is:
[   41.893509] cloud-init[934]: +---[RSA 2048]----+
[0;32m  OK  [0m] Started Daily apt download activities.
[[   41.893713] cloud-init[934]: |    ...   o .oo.o|
[   41.963398] cloud-init[934]: |     o . o .  o+o|
[0;32m  OK  [0m] Started Daily apt upgrade and clean activities.
[   41.963522] cloud-init[934]: |    . . .     o==|
[[0;32m  OK  [0m] Started Daily Cleanup of Temporary Directories.
[[   42.017006] cloud-init[934]: |     .         ==|
[   42.055584] cloud-init[934]: |      . S   . ..=|
[0;32m  OK  [0m] Reached target Timers.
[   42.055737] cloud-init[934]: |     o . . + * o.|
[   42.117152] cloud-init[934]: |      o E o @ + +|
[[0;32m  OK  [0m] Listening on D-Bus System Message Bus Socket.
[   42.117293] cloud-init[934]: |           B B o*|
[   42.240558] cloud-init[934]: |          ..*o+++|
[   42.241019] cloud-init[934]: +----[SHA256]-----+
[[0;32m  OK  [0m] Started ACPI Events Check.
[[   42.241185] cloud-init[934]: Generating public/private dsa key pair.
[   42.323210] cloud-init[934]: Your identification has been saved in /etc/ssh/ssh_host_dsa_key.
[   42.323441] cloud-init[934]: Your public key has been saved in /etc/ssh/ssh_host_dsa_key.pub.
[   42.323639] cloud-init[934]: The key fingerprint is:
[0;32m  OK  [0m] Reached target Paths.
[[   42.323737] cloud-init[934]: SHA256:8sKbYJvUbvegPo9ddVHGq9XL9zZAzDkN9Ut1Z9erSsM root@ubuntu-xenial
[   42.500978] cloud-init[934]: The key's randomart image is:
[0;32m  OK  [0m] Reached target Cloud-config availability.
[   42.501097] cloud-init[934]: +---[DSA 1024]----+
[   42.632841] cloud-init[934]: |              .oX|
[   42.652515] cloud-init[934]: |             . +O|
[[0;32m  OK  [0m] Listening on Socket activation for snappy daemon.
[[   42.653749] cloud-init[934]: |            o =.=|
[   42.699703] cloud-init[934]: |             *.*o|
[0;32m  OK  [0m] Listening on LXD - unix socket.
[[   42.699818] cloud-init[934]: |      . S . o B..|
[   42.810037] cloud-init[934]: |     o o   E = o.|
[0;32m  OK  [0m] Started iSCSI initiator daemon (iscsid).
[   42.810222] cloud-init[934]: |    + + o o o . o|
[   42.931089] cloud-init[934]: |   o =oB.o .   .o|
[   42.931411] cloud-init[934]: |    ooB+o..    ..|
         Starting Login to default iSCSI targets...
[[   42.931588] cloud-init[934]: +----[SHA256]-----+
[   43.001054] cloud-init[934]: Generating public/private ecdsa key pair.
[0;32m  OK  [0m] Reached target Sockets.
[[   43.001138] cloud-init[934]: Your identification has been saved in /etc/ssh/ssh_host_ecdsa_key.
[0;32m  OK  [0m] Reached target Basic System.
[   43.069149] cloud-init[934]: Your public key has been saved in /etc/ssh/ssh_host_ecdsa_key.pub.
[   43.152887] cloud-init[934]: The key fingerprint is:
[   43.153168] cloud-init[934]: SHA256:xmvuF4+tKQ6z3UVQkeqrzMuFvXik+ChiKAKAXPLBl3A root@ubuntu-xenial
         Starting System Logging Service...
[   43.153311] cloud-init[934]: The key's randomart image is:
[   43.312696] cloud-init[934]: +---[ECDSA 256]---+
[   43.312953] cloud-init[934]: |  ...E.     oo   |
         Starting /etc/rc.local Compatibility...
[   43.313110] cloud-init[934]: | . +.o     ..    |
[   43.421866] cloud-init[934]: |o + o     ..     |
[   43.422226] cloud-init[934]: |o. .   .  ..     |
         Starting Pollinate to seed the pseudo random number generator...
[   43.422346] cloud-init[934]: |.       S.  .    |
[   43.580959] cloud-init[934]: |.      . ++.     |
[   43.613093] cloud-init[934]: |..    o.+oo*.    |
[   43.652534] cloud-init[934]: |+ o . .%o+=+o    |
[   43.652899] cloud-init[934]: |o. . .o+&*=.     |
[[0;32m  OK  [0m] Started ACPI event daemon.
[   43.653048] cloud-init[934]: +----[SHA256]-----+
[   43.788904] cloud-init[934]: Generating public/private ed25519 key pair.
[   43.789326] cloud-init[934]: Your identification has been saved in /etc/ssh/ssh_host_ed25519_key.
         Starting Login Service...
[   43.789508] cloud-init[934]: Your public key has been saved in /etc/ssh/ssh_host_ed25519_key.pub.
[   43.896799] cloud-init[934]: The key fingerprint is:
         Starting LSB: Record successful boot for GRUB...
[   43.953674] cloud-init[934]: SHA256:1zsKWly6hOloS1N4/YyK1DFtvh7X/VHo9vCJVMTLW9A root@ubuntu-xenial
[   43.988854] cloud-init[934]: The key's randomart image is:
         Starting LSB: MD monitoring daemon...
[   44.035945] cloud-init[934]: +--[ED25519 256]--+
         Starting LXD - container startup/shutdown...
[   44.135056] cloud-init[934]: |                 |
[   44.216359] cloud-init[934]: |              .. |
[   44.216616] cloud-init[934]: |              .oE|
         Starting Apply the settings specified in cloud-config...
[   44.216761] cloud-init[934]: |     . o   .  oo.|
         Starting Virtualbox guest utils...
[   44.370905] cloud-init[934]: |    . = S o . .+o|
[   44.420410] cloud-init[934]: |     + O B . +. +|
[   44.432625] cloud-init[934]: |    + + X + +.=o |
[   44.445358] cloud-init[934]: |   o.= = * ..o.=o|
[[0;32m  OK  [0m] Started Regular background program processing daemon.
[   44.462435] cloud-init[934]: |   .+.+.+ .  . .+|
[   44.549051] cloud-init[934]: +----[SHA256]-----+
[[0;32m  OK  [0m] Started D-Bus System Message Bus.
         Starting Snappy daemon...
[[0;32m  OK  [0m] Started Unattended Upgrades Shutdown.
[   45.531662] cloud-init[1098]: Generating locales (this might take a while)...
         Starting Accounts Service...
[[0;32m  OK  [0m] Started Deferred execution scheduler.
[[0;32m  OK  [0m] Started FUSE filesystem for LXC.
[[0;32m  OK  [0m] Started System Logging Service.
[[0;32m  OK  [0m] Started /etc/rc.local Compatibility.
[[0;32m  OK  [0m] Started Login Service.
[[0;32m  OK  [0m] Started Login to default iSCSI targets.
[[0;32m  OK  [0m] Reached target Remote File Systems (Pre).
[[0;32m  OK  [0m] Reached target Remote File Systems.
         Starting LSB: automatic crash report generation...
         Starting Permit User Sessions...
         Starting LSB: daemon to balance interrupts for SMP systems...
         Starting LSB: Set the CPU Frequency Scaling governor to "ondemand"...
[[0;32m  OK  [0m] Started Pollinate to seed the pseudo random number generator.
[[0;32m  OK  [0m] Started LSB: Record successful boot for GRUB.
[[0;32m  OK  [0m] Started LSB: MD monitoring daemon.
[[0;32m  OK  [0m] Started Permit User Sessions.
         Starting Hold until boot process finishes up...
         Starting Terminate Plymouth Boot Screen...
         Starting OpenBSD Secure Shell server...
[[0;32m  OK  [0m] Started LSB: automatic crash report generation.
[[0;32m  OK  [0m] Started LSB: Set the CPU Frequency Scaling governor to "ondemand".
[[0;32m  OK  [0m] Started Hold until boot process finishes up.
[[0;32m  OK  [0m] Started Terminate Plymouth Boot Screen.
[[0;32m  OK  [0m] Started LSB: daemon to balance interrupts for SMP systems.
[[0;32m  OK  [0m] Started Getty on tty1.
[[0;32m  OK  [0m] Started Serial Getty on ttyS0.
[[0;32m  OK  [0m] Reached target Login Prompts.
         Starting Set console scheme...
[[0;32m  OK  [0m] Started Virtualbox guest utils.
[[0;32m  OK  [0m] Started OpenBSD Secure Shell server.
[[0;32m  OK  [0m] Started Set console scheme.
         Starting Authenticate and Authorize Users to Run Privileged Tasks...
[[0;32m  OK  [0m] Started Authenticate and Authorize Users to Run Privileged Tasks.
[[0;32m  OK  [0m] Started Accounts Service.
[   48.165442] cloud-init[1098]:   en_US.UTF-8... done
[   48.224428] cloud-init[1098]: Generation complete.
[[0;32m  OK  [0m] Created slice User Slice of vagrant.
         Starting User Manager for UID 1000...
[[0;32m  OK  [0m] Started Session 2 of user vagrant.
[[0;32m  OK  [0m] Started LXD - container startup/shutdown.
[[0;32m  OK  [0m] Started User Manager for UID 1000.
[[0;32m  OK  [0m] Started Snappy daemon.
[[0;32m  OK  [0m] Reached target Multi-User System.
[[0;32m  OK  [0m] Reached target Graphical Interface.
         Starting Update UTMP about System Runlevel Changes...
[[0;32m  OK  [0m] Started Update UTMP about System Runlevel Changes.
[   51.466852] cloud-init[1098]: Cloud-init v. 18.2 running 'modules:config' at Sat, 19 May 2018 04:16:57 +0000. Up 44.53 seconds.
[[0;32m  OK  [0m] Started Apply the settings specified in cloud-config.
         Starting Execute cloud user/final scripts...
ci-info: no authorized ssh keys fingerprints found for user ubuntu.
<14>May 19 04:17:05 ec2: 
<14>May 19 04:17:05 ec2: #############################################################
<14>May 19 04:17:05 ec2: -----BEGIN SSH HOST KEY FINGERPRINTS-----
<14>May 19 04:17:05 ec2: 1024 SHA256:8sKbYJvUbvegPo9ddVHGq9XL9zZAzDkN9Ut1Z9erSsM root@ubuntu-xenial (DSA)
<14>May 19 04:17:05 ec2: 256 SHA256:xmvuF4+tKQ6z3UVQkeqrzMuFvXik+ChiKAKAXPLBl3A root@ubuntu-xenial (ECDSA)
<14>May 19 04:17:05 ec2: 256 SHA256:1zsKWly6hOloS1N4/YyK1DFtvh7X/VHo9vCJVMTLW9A root@ubuntu-xenial (ED25519)
<14>May 19 04:17:05 ec2: 2048 SHA256:ykQY9WVX1R7nOed7rURxGDy/+eaNSkarNcnNmukPeII root@ubuntu-xenial (RSA)
<14>May 19 04:17:05 ec2: -----END SSH HOST KEY FINGERPRINTS-----
<14>May 19 04:17:05 ec2: #############################################################
-----BEGIN SSH HOST KEY KEYS-----
ecdsa-sha2-nistp256 AAAAE2VjZHNhLXNoYTItbmlzdHAyNTYAAAAIbmlzdHAyNTYAAABBBOo8bfomprgWnJL50sjABZGOKN3t4fVv5pf31xcjaQBHEeNjHD2dJbb5t5r2jwciPs9v3brYPbXnUa07GCa9TRQ= root@ubuntu-xenial
ssh-ed25519 AAAAC3NzaC1lZDI1NTE5AAAAIFnYcq2jjZ5PFjBjt0xTpRWvIsVRSiw+j7wfqHKGIK9l root@ubuntu-xenial
ssh-rsa AAAAB3NzaC1yc2EAAAADAQABAAABAQD3I/xTJWeYllXLAQmhYHQLUGdgReMpqa8XyjzB+wkrB/jFalOo6xcXCsMIqmgodrX7Ph9FJBpYRJgo+xAZtQnSvXTj/rGfwK/MeppQUBgY1jbeD5nlfelrN0gKTZav6tv+mvvKoWv1GW3iYsN9qXh/yVtt1UUr715tSUQ6lQ4eFOFXDnRBegTHemSeS+ymKfPxD2pgRstJfrNF3fw5jnCmSAPhQqjmK8jLxaYEYs6W4YDVDRmdGMVVxzYqnUTu6o1lz/5FhnveLYal+y/ruxY7VoZumHRHB7HCI8nlsBJVmZB+8Ua8nEhPKKb9dZNwtmP7eyf/G4WCn7m0rnkBs45p root@ubuntu-xenial
-----END SSH HOST KEY KEYS-----
[   52.259695] cloud-init[1386]: Cloud-init v. 18.2 running 'modules:final' at Sat, 19 May 2018 04:17:05 +0000. Up 51.90 seconds.
[   52.259975] cloud-init[1386]: ci-info: no authorized ssh keys fingerprints found for user ubuntu.
[   52.260121] cloud-init[1386]: Cloud-init v. 18.2 finished at Sat, 19 May 2018 04:17:05 +0000. Datasource DataSourceNoCloud [seed=/dev/sdb][dsmode=net].  Up 52.22 seconds

Ubuntu 16.04.4 LTS ubuntu-xenial ttyS0

ubuntu-xenial login: 